
> arc-browser@1.0.0 test:run
> vitest run


[7m[1m[36m RUN [39m[22m[27m [36mv0.34.6[39m [90mD:/Projects/Arc[39m

 [32mΓ£ô[39m src/core/feedbackStore.test.ts [2m ([22m[2m12 tests[22m[2m)[22m[90m 13[2mms[22m[39m
 [32mΓ£ô[39m src/core/historyStore.test.ts [2m ([22m[2m13 tests[22m[2m)[22m[90m 20[2mms[22m[39m
 [32mΓ£ô[39m src/core/settingsStore.test.ts [2m ([22m[2m12 tests[22m[2m)[22m[90m 23[2mms[22m[39m
 [32mΓ£ô[39m src/core/bookmarkStore.test.ts [2m ([22m[2m28 tests[22m[2m)[22m[90m 35[2mms[22m[39m
 [32mΓ£ô[39m src/core/recommender.test.ts [2m ([22m[2m25 tests[22m[2m)[22m[90m 22[2mms[22m[39m
 [33mΓ¥»[39m src/core/recommender.pbt.test.ts [2m ([22m[2m9 tests[22m [2m|[22m [31m4 failed[39m[2m)[22m[90m 58[2mms[22m[39m
[31m   [33mΓ¥»[31m src/core/recommender.pbt.test.ts[2m > [22mRecommender Properties[2m > [22mProperty 1: Recommendation Score Invariant[2m > [22mshould maintain score bounds [0, 1] after feedback adjustment[39m
[31m     ΓåÆ Property failed after 37 tests
{ seed: -544934918, path: "36:30:30", endOnFailure: true }
Counterexample: [Number.NaN,null,"favorite"]
Shrunk 2 time(s)
Got AssertionError: expected NaN to be greater than or equal to 0
    at D:\Projects\Arc\src\core\recommender.pbt.test.ts:32:34
    at Property.predicate (file:///D:/Projects/Arc/node_modules/fast-check/lib/esm/check/property/Property.js:14:54)
    at Property.run (file:///D:/Projects/Arc/node_modules/fast-check/lib/esm/check/property/Property.generic.js:46:33)
    at runIt (file:///D:/Projects/Arc/node_modules/fast-check/lib/esm/check/runner/Runner.js:18:30)
    at check (file:///D:/Projects/Arc/node_modules/fast-check/lib/esm/check/runner/Runner.js:62:11)
    at Module.assert (file:///D:/Projects/Arc/node_modules/fast-check/lib/esm/check/runner/Runner.js:65:17)
    at D:\Projects\Arc\src\core\recommender.pbt.test.ts:20:10
    at file:///D:/Projects/Arc/node_modules/@vitest/runner/dist/index.js:135:14
    at file:///D:/Projects/Arc/node_modules/@vitest/runner/dist/index.js:58:26
    at runTest (file:///D:/Projects/Arc/node_modules/@vitest/runner/dist/index.js:663:17)

Hint: Enable verbose mode in order to have the list of all failing values encountered during the run[39m
[31m   [33mΓ¥»[31m src/core/recommender.pbt.test.ts[2m > [22mRecommender Properties[2m > [22mProperty 1: Recommendation Score Invariant[2m > [22mshould never produce NaN scores[39m
[31m     ΓåÆ Property failed after 34 tests
{ seed: 2134020327, path: "33", endOnFailure: true }
Counterexample: [Number.NaN,null,"favorite"]
Shrunk 0 time(s)
Got AssertionError: expected true to be false // Object.is equality
    at D:\Projects\Arc\src\core\recommender.pbt.test.ts:54:48
    at Property.predicate (file:///D:/Projects/Arc/node_modules/fast-check/lib/esm/check/property/Property.js:14:54)
    at Property.run (file:///D:/Projects/Arc/node_modules/fast-check/lib/esm/check/property/Property.generic.js:46:33)
    at runIt (file:///D:/Projects/Arc/node_modules/fast-check/lib/esm/check/runner/Runner.js:18:30)
    at check (file:///D:/Projects/Arc/node_modules/fast-check/lib/esm/check/runner/Runner.js:62:11)
    at Module.assert (file:///D:/Projects/Arc/node_modules/fast-check/lib/esm/check/runner/Runner.js:65:17)
    at D:\Projects\Arc\src\core\recommender.pbt.test.ts:42:10
    at file:///D:/Projects/Arc/node_modules/@vitest/runner/dist/index.js:135:14
    at file:///D:/Projects/Arc/node_modules/@vitest/runner/dist/index.js:58:26
    at runTest (file:///D:/Projects/Arc/node_modules/@vitest/runner/dist/index.js:663:17)

Hint: Enable verbose mode in order to have the list of all failing values encountered during the run[39m
[31m   [33mΓ¥»[31m src/core/recommender.pbt.test.ts[2m > [22mRecommender Properties[2m > [22mProperty 3: Feedback Score Monotonicity[2m > [22mshould increase score with more likes[39m
[31m     ΓåÆ Property failed after 13 tests
{ seed: 1384751774, path: "12:30", endOnFailure: true }
Counterexample: [Number.NaN,0]
Shrunk 1 time(s)
Got AssertionError: expected NaN to be greater than or equal to NaN
    at D:\Projects\Arc\src\core\recommender.pbt.test.ts:98:35
    at Property.predicate (file:///D:/Projects/Arc/node_modules/fast-check/lib/esm/check/property/Property.js:14:54)
    at Property.run (file:///D:/Projects/Arc/node_modules/fast-check/lib/esm/check/property/Property.generic.js:46:33)
    at runIt (file:///D:/Projects/Arc/node_modules/fast-check/lib/esm/check/runner/Runner.js:18:30)
    at check (file:///D:/Projects/Arc/node_modules/fast-check/lib/esm/check/runner/Runner.js:62:11)
    at Module.assert (file:///D:/Projects/Arc/node_modules/fast-check/lib/esm/check/runner/Runner.js:65:17)
    at D:\Projects\Arc\src\core\recommender.pbt.test.ts:90:10
    at file:///D:/Projects/Arc/node_modules/@vitest/runner/dist/index.js:135:14
    at file:///D:/Projects/Arc/node_modules/@vitest/runner/dist/index.js:58:26
    at runTest (file:///D:/Projects/Arc/node_modules/@vitest/runner/dist/index.js:663:17)

Hint: Enable verbose mode in order to have the list of all failing values encountered during the run[39m
[31m   [33mΓ¥»[31m src/core/recommender.pbt.test.ts[2m > [22mRecommender Properties[2m > [22mProperty 3: Feedback Score Monotonicity[2m > [22mshould decrease score with more dislikes[39m
[31m     ΓåÆ Property failed after 44 tests
{ seed: -805331976, path: "43", endOnFailure: true }
Counterexample: [Number.NaN,0]
Shrunk 0 time(s)
Got AssertionError: expected NaN to be less than or equal to NaN
    at D:\Projects\Arc\src\core\recommender.pbt.test.ts:115:35
    at Property.predicate (file:///D:/Projects/Arc/node_modules/fast-check/lib/esm/check/property/Property.js:14:54)
    at Property.run (file:///D:/Projects/Arc/node_modules/fast-check/lib/esm/check/property/Property.generic.js:46:33)
    at runIt (file:///D:/Projects/Arc/node_modules/fast-check/lib/esm/check/runner/Runner.js:18:30)
    at check (file:///D:/Projects/Arc/node_modules/fast-check/lib/esm/check/runner/Runner.js:62:11)
    at Module.assert (file:///D:/Projects/Arc/node_modules/fast-check/lib/esm/check/runner/Runner.js:65:17)
    at D:\Projects\Arc\src\core\recommender.pbt.test.ts:107:10
    at file:///D:/Projects/Arc/node_modules/@vitest/runner/dist/index.js:135:14
    at file:///D:/Projects/Arc/node_modules/@vitest/runner/dist/index.js:58:26
    at runTest (file:///D:/Projects/Arc/node_modules/@vitest/runner/dist/index.js:663:17)

Hint: Enable verbose mode in order to have the list of all failing values encountered during the run[39m
 [32mΓ£ô[39m src/core/bookmarkStore.pbt.test.ts [2m ([22m[2m7 tests[22m[2m)[22m[90m 121[2mms[22m[39m

npm : [31mΓÄ»ΓÄ»ΓÄ»ΓÄ»ΓÄ»ΓÄ»ΓÄ»[1m[7m Failed Tests 4 [27m[22mΓÄ»ΓÄ»ΓÄ»ΓÄ»ΓÄ»ΓÄ»ΓÄ»[39m
At line:1 char:1
+ npm run test:run > test-output.txt 2>&1; Get-Content test-output.txt  ...
+ ~~~~~~~~~~~~~~~~~~~~~~~~~~~~~~~~~~~~~~~
    + CategoryInfo          : NotSpecified: ([31mΓÄ»ΓÄ»ΓÄ»Γ...»ΓÄ»ΓÄ»ΓÄ»[39m:String) [],  
   RemoteException
    + FullyQualifiedErrorId : NativeCommandError
 

[31m[1m[7m FAIL [27m[22m[39m src/core/recommender.pbt.test.ts[2m > [22mRecommender 
Properties[2m > [22mProperty 1: Recommendation Score Invariant[2m > [22mshould maintain 
score bounds [0, 1] after feedback adjustment
[31m[1mError[22m: Property failed after 37 tests
{ seed: -544934918, path: "36:30:30", endOnFailure: true }
Counterexample: [Number.NaN,null,"favorite"]
Shrunk 2 time(s)
Got AssertionError: expected NaN to be greater than or equal to 0
    at D:\Projects\Arc\src\core\recommender.pbt.test.ts:32:34
    at Property.predicate 
(file:///D:/Projects/Arc/node_modules/fast-check/lib/esm/check/property/Property.js:14:54)
    at Property.run (file:///D:/Projects/Arc/node_modules/fast-check/lib/esm/check/property/
Property.generic.js:46:33)
    at runIt 
(file:///D:/Projects/Arc/node_modules/fast-check/lib/esm/check/runner/Runner.js:18:30)
    at check 
(file:///D:/Projects/Arc/node_modules/fast-check/lib/esm/check/runner/Runner.js:62:11)
    at Module.assert 
(file:///D:/Projects/Arc/node_modules/fast-check/lib/esm/check/runner/Runner.js:65:17)
    at D:\Projects\Arc\src\core\recommender.pbt.test.ts:20:10
    at file:///D:/Projects/Arc/node_modules/@vitest/runner/dist/index.js:135:14
    at file:///D:/Projects/Arc/node_modules/@vitest/runner/dist/index.js:58:26
    at runTest (file:///D:/Projects/Arc/node_modules/@vitest/runner/dist/index.js:663:17)

Hint: Enable verbose mode in order to have the list of all failing values encountered 
during the run[39m
[36m [2mΓ¥»[22m src/core/recommender.pbt.test.ts:[2m32:34[22m[39m
    [90m 30| [39m          (baseScore, feedbackStats, kind) => {
    [90m 31| [39m            const result = applyFeedbackToScore(baseScore, feedbackStaΓÇª
    [90m 32| [39m            expect(result.score).toBeGreaterThanOrEqual(0);
    [90m   | [39m                                 [31m^[39m
    [90m 33| [39m            expect(result.score).toBeLessThanOrEqual(1);
    [90m 34| [39m          }
[90m [2mΓ¥»[22m Property.predicate 
node_modules/fast-check/lib/esm/check/property/Property.js:[2m14:54[22m[39m
[90m [2mΓ¥»[22m Property.run 
node_modules/fast-check/lib/esm/check/property/Property.generic.js:[2m46:33[22m[39m
[90m [2mΓ¥»[22m runIt 
node_modules/fast-check/lib/esm/check/runner/Runner.js:[2m18:30[22m[39m
[90m [2mΓ¥»[22m check 
node_modules/fast-check/lib/esm/check/runner/Runner.js:[2m62:11[22m[39m
[90m [2mΓ¥»[22m Module.assert 
node_modules/fast-check/lib/esm/check/runner/Runner.js:[2m65:17[22m[39m
[90m [2mΓ¥»[22m src/core/recommender.pbt.test.ts:[2m20:10[22m[39m
[90m [2mΓ¥»[22m buildError node_modules/fast-check/lib/esm/check/runner/utils/RunDetailsF
ormatter.js:[2m126:15[22m[39m
[90m [2mΓ¥»[22m throwIfFailed node_modules/fast-check/lib/esm/check/runner/utils/RunDetai
lsFormatter.js:[2m138:11[22m[39m
[90m [2mΓ¥»[22m reportRunDetails node_modules/fast-check/lib/esm/check/runner/utils/RunDe
tailsFormatter.js:[2m151:16[22m[39m
[90m [2mΓ¥»[22m Module.assert 
node_modules/fast-check/lib/esm/check/runner/Runner.js:[2m69:9[22m[39m
[90m [2mΓ¥»[22m src/core/recommender.pbt.test.ts:[2m20:10[22m[39m

[31m[2mΓÄ»ΓÄ»ΓÄ»ΓÄ»ΓÄ»ΓÄ»ΓÄ»ΓÄ»ΓÄ»ΓÄ»ΓÄ»ΓÄ»ΓÄ»ΓÄ»ΓÄ»ΓÄ»ΓÄ»ΓÄ»ΓÄ»ΓÄ»ΓÄ»ΓÄ»ΓÄ»ΓÄ»[1/4]ΓÄ»[2
2m[39m

[31m[1m[7m FAIL [27m[22m[39m src/core/recommender.pbt.test.ts[2m > [22mRecommender 
Properties[2m > [22mProperty 1: Recommendation Score Invariant[2m > [22mshould never 
produce NaN scores
[31m[1mError[22m: Property failed after 34 tests
{ seed: 2134020327, path: "33", endOnFailure: true }
Counterexample: [Number.NaN,null,"favorite"]
Shrunk 0 time(s)
Got AssertionError: expected true to be false // Object.is equality
    at D:\Projects\Arc\src\core\recommender.pbt.test.ts:54:48
    at Property.predicate 
(file:///D:/Projects/Arc/node_modules/fast-check/lib/esm/check/property/Property.js:14:54)
    at Property.run (file:///D:/Projects/Arc/node_modules/fast-check/lib/esm/check/property/
Property.generic.js:46:33)
    at runIt 
(file:///D:/Projects/Arc/node_modules/fast-check/lib/esm/check/runner/Runner.js:18:30)
    at check 
(file:///D:/Projects/Arc/node_modules/fast-check/lib/esm/check/runner/Runner.js:62:11)
    at Module.assert 
(file:///D:/Projects/Arc/node_modules/fast-check/lib/esm/check/runner/Runner.js:65:17)
    at D:\Projects\Arc\src\core\recommender.pbt.test.ts:42:10
    at file:///D:/Projects/Arc/node_modules/@vitest/runner/dist/index.js:135:14
    at file:///D:/Projects/Arc/node_modules/@vitest/runner/dist/index.js:58:26
    at runTest (file:///D:/Projects/Arc/node_modules/@vitest/runner/dist/index.js:663:17)

Hint: Enable verbose mode in order to have the list of all failing values encountered 
during the run[39m
[36m [2mΓ¥»[22m src/core/recommender.pbt.test.ts:[2m54:48[22m[39m
    [90m 52| [39m          (baseScore, feedbackStats, kind) => {
    [90m 53| [39m            const result = applyFeedbackToScore(baseScore, feedbackStaΓÇª
    [90m 54| [39m            expect(Number.isNaN(result.score)).toBe(false);
    [90m   | [39m                                               [31m^[39m
    [90m 55| [39m          }
    [90m 56| [39m        ),
[90m [2mΓ¥»[22m Property.predicate 
node_modules/fast-check/lib/esm/check/property/Property.js:[2m14:54[22m[39m
[90m [2mΓ¥»[22m Property.run 
node_modules/fast-check/lib/esm/check/property/Property.generic.js:[2m46:33[22m[39m
[90m [2mΓ¥»[22m runIt 
node_modules/fast-check/lib/esm/check/runner/Runner.js:[2m18:30[22m[39m
[90m [2mΓ¥»[22m check 
node_modules/fast-check/lib/esm/check/runner/Runner.js:[2m62:11[22m[39m
[90m [2mΓ¥»[22m Module.assert 
node_modules/fast-check/lib/esm/check/runner/Runner.js:[2m65:17[22m[39m
[90m [2mΓ¥»[22m src/core/recommender.pbt.test.ts:[2m42:10[22m[39m
[90m [2mΓ¥»[22m buildError node_modules/fast-check/lib/esm/check/runner/utils/RunDetailsF
ormatter.js:[2m126:15[22m[39m
[90m [2mΓ¥»[22m throwIfFailed node_modules/fast-check/lib/esm/check/runner/utils/RunDetai
lsFormatter.js:[2m138:11[22m[39m
[90m [2mΓ¥»[22m reportRunDetails node_modules/fast-check/lib/esm/check/runner/utils/RunDe
tailsFormatter.js:[2m151:16[22m[39m
[90m [2mΓ¥»[22m Module.assert 
node_modules/fast-check/lib/esm/check/runner/Runner.js:[2m69:9[22m[39m
[90m [2mΓ¥»[22m src/core/recommender.pbt.test.ts:[2m42:10[22m[39m

[31m[2mΓÄ»ΓÄ»ΓÄ»ΓÄ»ΓÄ»ΓÄ»ΓÄ»ΓÄ»ΓÄ»ΓÄ»ΓÄ»ΓÄ»ΓÄ»ΓÄ»ΓÄ»ΓÄ»ΓÄ»ΓÄ»ΓÄ»ΓÄ»ΓÄ»ΓÄ»ΓÄ»ΓÄ»[2/4]ΓÄ»[2
2m[39m

[31m[1m[7m FAIL [27m[22m[39m src/core/recommender.pbt.test.ts[2m > [22mRecommender 
Properties[2m > [22mProperty 3: Feedback Score Monotonicity[2m > [22mshould increase 
score with more likes
[31m[1mError[22m: Property failed after 13 tests
{ seed: 1384751774, path: "12:30", endOnFailure: true }
Counterexample: [Number.NaN,0]
Shrunk 1 time(s)
Got AssertionError: expected NaN to be greater than or equal to NaN
    at D:\Projects\Arc\src\core\recommender.pbt.test.ts:98:35
    at Property.predicate 
(file:///D:/Projects/Arc/node_modules/fast-check/lib/esm/check/property/Property.js:14:54)
    at Property.run (file:///D:/Projects/Arc/node_modules/fast-check/lib/esm/check/property/
Property.generic.js:46:33)
    at runIt 
(file:///D:/Projects/Arc/node_modules/fast-check/lib/esm/check/runner/Runner.js:18:30)
    at check 
(file:///D:/Projects/Arc/node_modules/fast-check/lib/esm/check/runner/Runner.js:62:11)
    at Module.assert 
(file:///D:/Projects/Arc/node_modules/fast-check/lib/esm/check/runner/Runner.js:65:17)
    at D:\Projects\Arc\src\core\recommender.pbt.test.ts:90:10
    at file:///D:/Projects/Arc/node_modules/@vitest/runner/dist/index.js:135:14
    at file:///D:/Projects/Arc/node_modules/@vitest/runner/dist/index.js:58:26
    at runTest (file:///D:/Projects/Arc/node_modules/@vitest/runner/dist/index.js:663:17)

Hint: Enable verbose mode in order to have the list of all failing values encountered 
during the run[39m
[36m [2mΓ¥»[22m src/core/recommender.pbt.test.ts:[2m98:35[22m[39m
    [90m 96| [39m            const result2 = applyFeedbackToScore(baseScore, { likes: lΓÇª
    [90m 97| [39m
    [90m 98| [39m            expect(result2.score).toBeGreaterThanOrEqual(result1.scoreΓÇª
    [90m   | [39m                                  [31m^[39m
    [90m 99| [39m          }
    [90m100| [39m        ),
[90m [2mΓ¥»[22m Property.predicate 
node_modules/fast-check/lib/esm/check/property/Property.js:[2m14:54[22m[39m
[90m [2mΓ¥»[22m Property.run 
node_modules/fast-check/lib/esm/check/property/Property.generic.js:[2m46:33[22m[39m
[90m [2mΓ¥»[22m runIt 
node_modules/fast-check/lib/esm/check/runner/Runner.js:[2m18:30[22m[39m
[90m [2mΓ¥»[22m check 
node_modules/fast-check/lib/esm/check/runner/Runner.js:[2m62:11[22m[39m
[90m [2mΓ¥»[22m Module.assert 
node_modules/fast-check/lib/esm/check/runner/Runner.js:[2m65:17[22m[39m
[90m [2mΓ¥»[22m src/core/recommender.pbt.test.ts:[2m90:10[22m[39m
[90m [2mΓ¥»[22m buildError node_modules/fast-check/lib/esm/check/runner/utils/RunDetailsF
ormatter.js:[2m126:15[22m[39m
[90m [2mΓ¥»[22m throwIfFailed node_modules/fast-check/lib/esm/check/runner/utils/RunDetai
lsFormatter.js:[2m138:11[22m[39m
[90m [2mΓ¥»[22m reportRunDetails node_modules/fast-check/lib/esm/check/runner/utils/RunDe
tailsFormatter.js:[2m151:16[22m[39m
[90m [2mΓ¥»[22m Module.assert 
node_modules/fast-check/lib/esm/check/runner/Runner.js:[2m69:9[22m[39m
[90m [2mΓ¥»[22m src/core/recommender.pbt.test.ts:[2m90:10[22m[39m

[31m[2mΓÄ»ΓÄ»ΓÄ»ΓÄ»ΓÄ»ΓÄ»ΓÄ»ΓÄ»ΓÄ»ΓÄ»ΓÄ»ΓÄ»ΓÄ»ΓÄ»ΓÄ»ΓÄ»ΓÄ»ΓÄ»ΓÄ»ΓÄ»ΓÄ»ΓÄ»ΓÄ»ΓÄ»[3/4]ΓÄ»[2
2m[39m

[31m[1m[7m FAIL [27m[22m[39m src/core/recommender.pbt.test.ts[2m > [22mRecommender 
Properties[2m > [22mProperty 3: Feedback Score Monotonicity[2m > [22mshould decrease 
score with more dislikes
[31m[1mError[22m: Property failed after 44 tests
{ seed: -805331976, path: "43", endOnFailure: true }
Counterexample: [Number.NaN,0]
Shrunk 0 time(s)
Got AssertionError: expected NaN to be less than or equal to NaN
    at D:\Projects\Arc\src\core\recommender.pbt.test.ts:115:35
    at Property.predicate 
(file:///D:/Projects/Arc/node_modules/fast-check/lib/esm/check/property/Property.js:14:54)
    at Property.run (file:///D:/Projects/Arc/node_modules/fast-check/lib/esm/check/property/
Property.generic.js:46:33)
    at runIt 
(file:///D:/Projects/Arc/node_modules/fast-check/lib/esm/check/runner/Runner.js:18:30)
    at check 
(file:///D:/Projects/Arc/node_modules/fast-check/lib/esm/check/runner/Runner.js:62:11)
[2m Test Files [22m [1m[31m1 failed[39m[22m[2m | [22m[1m[32m6 passed[39m[22m[90m (7)[39m
[2m      Tests [22m [1m[31m4 failed[39m[22m[2m | [22m[1m[32m102 passed[39m[22m[90m (106)[39m
[2m   Start at [22m 15:00:13
[2m   Duration [22m 1.55s[2m (transform 724ms, setup 2.92s, collect 1.71s, tests 292ms, environment 2ms, prepare 1.82s)[22m

    at Module.assert 
(file:///D:/Projects/Arc/node_modules/fast-check/lib/esm/check/runner/Runner.js:65:17)
    at D:\Projects\Arc\src\core\recommender.pbt.test.ts:107:10
    at file:///D:/Projects/Arc/node_modules/@vitest/runner/dist/index.js:135:14
    at file:///D:/Projects/Arc/node_modules/@vitest/runner/dist/index.js:58:26
    at runTest (file:///D:/Projects/Arc/node_modules/@vitest/runner/dist/index.js:663:17)

Hint: Enable verbose mode in order to have the list of all failing values encountered 
during the run[39m
[36m [2mΓ¥»[22m src/core/recommender.pbt.test.ts:[2m115:35[22m[39m
    [90m113| [39m            const result2 = applyFeedbackToScore(baseScore, { likes: 0ΓÇª
    [90m114| [39m
    [90m115| [39m            expect(result2.score).toBeLessThanOrEqual(result1.score);
    [90m   | [39m                                  [31m^[39m
    [90m116| [39m          }
    [90m117| [39m        ),
[90m [2mΓ¥»[22m Property.predicate 
node_modules/fast-check/lib/esm/check/property/Property.js:[2m14:54[22m[39m
[90m [2mΓ¥»[22m Property.run 
node_modules/fast-check/lib/esm/check/property/Property.generic.js:[2m46:33[22m[39m
[90m [2mΓ¥»[22m runIt 
node_modules/fast-check/lib/esm/check/runner/Runner.js:[2m18:30[22m[39m
[90m [2mΓ¥»[22m check 
node_modules/fast-check/lib/esm/check/runner/Runner.js:[2m62:11[22m[39m
[90m [2mΓ¥»[22m Module.assert 
node_modules/fast-check/lib/esm/check/runner/Runner.js:[2m65:17[22m[39m
[90m [2mΓ¥»[22m src/core/recommender.pbt.test.ts:[2m107:10[22m[39m
[90m [2mΓ¥»[22m buildError node_modules/fast-check/lib/esm/check/runner/utils/RunDetailsF
ormatter.js:[2m126:15[22m[39m
[90m [2mΓ¥»[22m throwIfFailed node_modules/fast-check/lib/esm/check/runner/utils/RunDetai
lsFormatter.js:[2m138:11[22m[39m
[90m [2mΓ¥»[22m reportRunDetails node_modules/fast-check/lib/esm/check/runner/utils/RunDe
tailsFormatter.js:[2m151:16[22m[39m
[90m [2mΓ¥»[22m Module.assert 
node_modules/fast-check/lib/esm/check/runner/Runner.js:[2m69:9[22m[39m
[90m [2mΓ¥»[22m src/core/recommender.pbt.test.ts:[2m107:10[22m[39m

[31m[2mΓÄ»ΓÄ»ΓÄ»ΓÄ»ΓÄ»ΓÄ»ΓÄ»ΓÄ»ΓÄ»ΓÄ»ΓÄ»ΓÄ»ΓÄ»ΓÄ»ΓÄ»ΓÄ»ΓÄ»ΓÄ»ΓÄ»ΓÄ»ΓÄ»ΓÄ»ΓÄ»ΓÄ»[4/4]ΓÄ»[2
2m[39m

